[web/index.html]
[backblue.gif]
[fade.gif]
[index.html]
[web/png/site-image-uyw0ddi5.png]
[web/css/forum-25d1430a.css]
[web/css/forum-dark-02cf6ccb.css]
[web/png/favicon-xkzdfssf.png]
[web/js/apic793.js]
[web/woff2/fa-solid-900.woff2]
[web/woff2/fa-brands-400.woff2]
[web/woff2/fa-regular-400.woff2]
[web/png/logo-n5lgaaxg.png]
[web/2298.html]
[web/22.html]
[web/1924.html]
[web/1270.html]
[web/54.html]
[web/1730.html]
[web/2323.html]
[web/2317.html]
[web/2321.html]
[web/1754.html]
[web/2322.html]
[web/2304.html]
[web/2318.html]
[web/2319.html]
[web/2320.html]
[web/998.html]
[web/2316.html]
[web/2309.html]
[web/2315.html]
[web/2302.html]
[web/all4658.html]
[web/email-protection.html]
[web/js/email-decode.min.js]
[web/index.html]
[web/js/forum-zh-hans-329ea800.js]
[web/js/forum-09b7319b.js]
[web/css/flatpickr.min.css]
[web/eot/fa-brands-400.eot]
[web/eot/fa-brands-400d41d.eot]
[web/woff/fa-brands-400.woff]
[web/ttf/fa-brands-400.ttf]
[web/svg/fa-brands-400.svg]
[web/eot/fa-regular-400.eot]
[web/eot/fa-regular-400d41d.eot]
[web/woff/fa-regular-400.woff]
[web/ttf/fa-regular-400.ttf]
[web/svg/fa-regular-400.svg]
[web/eot/fa-solid-900.eot]
[web/eot/fa-solid-900d41d.eot]
[web/woff/fa-solid-900.woff]
[web/ttf/fa-solid-900.ttf]
[web/css/forum-25d1430a.css]
[web/css/forum-dark-02cf6ccb.css]
[web/svg/fa-solid-900.svg]
[web/2298-.html]
[web/2281.html]
[web/2298.html]
[web/js/beacon.min.js]
[web/22-.html]
[web/3.html]
[web/4.html]
[web/5.html]
[web/7.html]
[web/png/1583668375-120548-2020-03-08-75202.png]
[web/js/loader.min.js]
[web/png/huaji.png]
[web/154-tieba-stickers.html]
[web/png/yinxian.png]
[web/png/pen.png]
[web/22.html]
[web/1924-.html]
[web/1924.html]
[web/1270.html]
[web/1270-.html]
[web/54-.html]
[web/2006bt.html]
[web/other/一个技术宅]
[web/other/儒雅的yy44]
[web/solderwire.html]
[web/54.html]
[web/1730.html]
[web/2323.html]
[web/2317.html]
[web/2321.html]
[web/1754.html]
[web/2322.html]
[web/2304.html]
[web/2318.html]
[web/2319.html]
[web/2320.html]
[web/998.html]
[web/2316.html]
[web/2309.html]
[web/2315.html]
[web/2302.html]
[web/all4658.html]
[web/email-protection.html]
[web/css/flatpickr.min.css]
[web/svg/fa-brands-400.svg]
[web/svg/fa-regular-400.svg]
[web/svg/fa-solid-900.svg]
[web/2298-.html]
[web/2281.html]
[web/22-.html]
[web/3.html]
[web/4.html]
[web/5.html]
[web/7.html]
[web/154-tieba-stickers.html]
[web/1924-.html]
[web/1270-.html]
[web/54-.html]
[web/2006bt.html]
[web/一个技术宅.html]
[web/儒雅的yy44.html]
[web/solderwire.html]
[web/1585467383-675326-2.html]
[web/png/1601081476-615054-2020-09-26-85055.png]
[web/png/1585284053-99629-2020-03-27-124046.png]
[web/png/1587698728-688000-a98fd7bc-fb09-4f7e-b8a8-c4e2ae4aa530.png]
[web/jpg/hqdefault.jpg]
[web/jpeg/1610877553-385259-screenshot-2021-01-17-17-50-14-282-comandroidbrowser.jpeg]
[web/jpeg/1610877558-154486-screenshot-2021-01-17-17-50-21-227-comandroidbrowser.jpeg]
[web/jpeg/1610877562-266172-screenshot-2021-01-17-17-50-53-966-comandroidbrowser.jpeg]
[web/png/1585467382-974622-1.png]
